110.85.18.234 - - [30/Jan/2019:00:00:21 +0800] "GET /course/list?c=cb HTTP/1.1" 200 12800 "www.imooc.com" "https://www.imooc.com/course/list?c=data" - "Mozilla/5.0 (Windows NT 10.0; WOW64) AppleWebKit/537.36 (KHTML, like Gecko) Chrome/58.0.3029.110 Safari/537.36 SE 2.X MetaSr 1.0" "-" 10.100.16.243:80 200 0.172 0.172
218.74.48.154 - - [30/Jan/2019:00:00:22 +0800] "GET /.well-known/apple-app-site-association HTTP/1.1" 200 165 "www.imooc.com" "-" - "swcd (unknown version) CFNetwork/974.2.1 Darwin/18.0.0" "-" 10.100.135.47:80 200 0.001 0.001
113.77.139.245 - - [30/Jan/2019:00:00:22 +0800] "GET /static/img/common/new.png HTTP/1.1" 200 1020 "www.imooc.com" "https://www.imooc.com/" - "Mozilla/5.0 (Windows NT 10.0; Win64; x64) AppleWebKit/537.36 (KHTML, like Gecko) Chrome/73.0.3642.0 Safari/537.36" "-" 10.100.16.241:80 200 0.001 0.001
113.77.139.245 - - [30/Jan/2019:00:00:22 +0800] "GET /static/img/menu_icon.png HTTP/1.1" 200 4816 "www.imooc.com" "https://www.imooc.com/" - "Mozilla/5.0 (Windows NT 10.0; Win64; x64) AppleWebKit/537.36 (KHTML, like Gecko) Chrome/73.0.3642.0 Safari/537.36" "-" 10.100.16.243:80 200 0.001 0.001
106.38.241.68 - - [30/Jan/2019:00:00:22 +0800] "GET /wenda/detail/430191 HTTP/1.1" 200 8702 "www.imooc.com" "-" - "Sogou web spider/4.0(+http://www.sogou.com/docs/help/webmasters.htm#07)" "-" 10.100.137.42:80 200 0.216 0.219
111.197.20.121 - - [30/Jan/2019:00:00:22 +0800] "GET /.well-known/apple-app-site-association HTTP/1.1" 200 165 "www.imooc.com" "-" - "swcd (unknown version) CFNetwork/893.14.2 Darwin/17.3.0" "-" 10.100.136.65:80 200 0.001 0.001
110.85.18.234 - - [30/Jan/2019:00:00:22 +0800] "GET /u/card%20?jsonpcallback=jQuery19106008894766558066_1548777623367&_=1548777623368 HTTP/1.1" 200 382 "www.imooc.com" "https://www.imooc.com/course/list?c=cb" - "Mozilla/5.0 (Windows NT 10.0; WOW64) AppleWebKit/537.36 (KHTML, like Gecko) Chrome/58.0.3029.110 Safari/537.36 SE 2.X MetaSr 1.0" "-" 10.100.16.241:80 200 0.059 0.059
110.85.18.234 - - [30/Jan/2019:00:00:22 +0800] "GET /activity/newcomer HTTP/1.1" 200 444 "www.imooc.com" "https://www.imooc.com/course/list?c=cb" - "Mozilla/5.0 (Windows NT 10.0; WOW64) AppleWebKit/537.36 (KHTML, like Gecko) Chrome/58.0.3029.110 Safari/537.36 SE 2.X MetaSr 1.0" "-" 10.100.136.64:80 200 0.103 0.103
194.54.83.182 - - [30/Jan/2019:00:00:22 +0800] "GET / HTTP/1.1" 301 178 "imooc.com" "-" - "Go-http-client/1.1" "-" - - - 0.000
110.85.18.234 - - [30/Jan/2019:00:00:22 +0800] "GET /u/loading HTTP/1.1" 200 64 "www.imooc.com" "https://www.imooc.com/course/list?c=cb" - "Mozilla/5.0 (Windows NT 10.0; WOW64) AppleWebKit/537.36 (KHTML, like Gecko) Chrome/58.0.3029.110 Safari/537.36 SE 2.X MetaSr 1.0" "-" 10.100.16.243:80 200 0.015 0.015
123.206.9.219 - - [30/Jan/2019:00:00:22 +0800] "GET / HTTP/1.1" 200 55345 "www.imooc.com" "-" - "DNSPod-Monitor/2.0" "-" 10.100.137.42:80 200 0.002 0.002
203.208.60.105 - - [30/Jan/2019:00:00:22 +0800] "GET /qadetail/263557 HTTP/1.1" 200 9172 "www.imooc.com" "-" - "Mozilla/5.0 (compatible; Googlebot/2.1; +http://www.google.com/bot.html)" "-" 10.100.137.42:80 200 0.282 0.282
113.77.139.245 - - [30/Jan/2019:00:00:22 +0800] "GET /static/img/space-remind.png HTTP/1.1" 200 2572 "www.imooc.com" "https://www.imooc.com/" - "Mozilla/5.0 (Windows NT 10.0; Win64; x64) AppleWebKit/537.36 (KHTML, like Gecko) Chrome/73.0.3642.0 Safari/537.36" "-" 10.100.136.64:80 200 0.001 0.001
113.77.139.245 - - [30/Jan/2019:00:00:22 +0800] "GET /static/img/newcomer.png HTTP/1.1" 200 88636 "www.imooc.com" "https://www.imooc.com/" - "Mozilla/5.0 (Windows NT 10.0; Win64; x64) AppleWebKit/537.36 (KHTML, like Gecko) Chrome/73.0.3642.0 Safari/537.36" "-" 10.100.134.244:80 200 0.003 0.003
113.77.139.245 - - [30/Jan/2019:00:00:23 +0800] "GET /static/img/index/eliteTbg.jpg HTTP/1.1" 200 88947 "www.imooc.com" "https://www.imooc.com/" - "Mozilla/5.0 (Windows NT 10.0; Win64; x64) AppleWebKit/537.36 (KHTML, like Gecko) Chrome/73.0.3642.0 Safari/537.36" "-" 10.100.16.241:80 200 0.003 0.003
113.77.139.245 - - [30/Jan/2019:00:00:23 +0800] "GET /static/img/idx-btm.png HTTP/1.1" 200 21091 "www.imooc.com" "https://www.imooc.com/" - "Mozilla/5.0 (Windows NT 10.0; Win64; x64) AppleWebKit/537.36 (KHTML, like Gecko) Chrome/73.0.3642.0 Safari/537.36" "-" 10.100.16.243:80 200 0.001 0.001
113.77.139.245 - - [30/Jan/2019:00:00:23 +0800] "GET /static/img/common/elevator.png?t=3 HTTP/1.1" 200 25620 "www.imooc.com" "https://www.imooc.com/" - "Mozilla/5.0 (Windows NT 10.0; Win64; x64) AppleWebKit/537.36 (KHTML, like Gecko) Chrome/73.0.3642.0 Safari/537.36" "-" 10.100.16.242:80 200 0.003 0.003
113.77.139.245 - - [30/Jan/2019:00:00:23 +0800] "GET /static/fonts/icomoon/fonts/icomoon.ttf?d8493nx HTTP/1.1" 200 17324 "www.imooc.com" "https://www.imooc.com/" - "Mozilla/5.0 (Windows NT 10.0; Win64; x64) AppleWebKit/537.36 (KHTML, like Gecko) Chrome/73.0.3642.0 Safari/537.36" "-" 10.100.136.64:80 200 0.003 0.003
113.77.139.245 - - [30/Jan/2019:00:00:23 +0800] "GET /static/fonts/imv2/fonts/imv2.ttf?abc23 HTTP/1.1" 200 28240 "www.imooc.com" "https://www.imooc.com/" - "Mozilla/5.0 (Windows NT 10.0; Win64; x64) AppleWebKit/537.36 (KHTML, like Gecko) Chrome/73.0.3642.0 Safari/537.36" "-" 10.100.16.242:80 200 0.001 0.001
207.46.13.10 - - [30/Jan/2019:00:00:23 +0800] "GET /course/list?c=fe&page=3 HTTP/1.1" 200 12755 "www.imooc.com" "-" - "Mozilla/5.0 (compatible; bingbot/2.0; +http://www.bing.com/bingbot.htm)" "-" 10.100.137.42:80 200 0.126 0.126
113.77.139.245 - - [30/Jan/2019:00:00:23 +0800] "GET /static/fonts/DINCondm/DINCOND-MEDIUM.otf HTTP/1.1" 200 30536 "www.imooc.com" "https://www.imooc.com/" - "Mozilla/5.0 (Windows NT 10.0; Win64; x64) AppleWebKit/537.36 (KHTML, like Gecko) Chrome/73.0.3642.0 Safari/537.36" "-" 10.100.16.241:80 200 0.001 0.001
157.55.39.204 - - [30/Jan/2019:00:00:23 +0800] "GET /video/6695/0 HTTP/1.1" 200 7234 "www.imooc.com" "-" - "Mozilla/5.0 (compatible; bingbot/2.0; +http://www.bing.com/bingbot.htm)" "-" 10.100.137.42:80 200 0.058 0.058
110.85.18.234 - - [30/Jan/2019:00:00:23 +0800] "GET /course/list?c=op HTTP/1.1" 200 12747 "www.imooc.com" "https://www.imooc.com/course/list?c=cb" - "Mozilla/5.0 (Windows NT 10.0; WOW64) AppleWebKit/537.36 (KHTML, like Gecko) Chrome/58.0.3029.110 Safari/537.36 SE 2.X MetaSr 1.0" "-" 10.100.16.241:80 200 0.098 0.098
207.46.13.10 - - [30/Jan/2019:00:00:23 +0800] "GET /video/2723 HTTP/1.1" 200 13595 "www.imooc.com" "-" - "Mozilla/5.0 (compatible; bingbot/2.0; +http://www.bing.com/bingbot.htm)" "-" 10.100.137.42:80 200 0.220 0.220
106.38.241.130 - - [30/Jan/2019:00:00:23 +0800] "GET /video/2748 HTTP/1.1" 302 154 "www.imooc.com" "-" - "Sogou web spider/4.0(+http://www.sogou.com/docs/help/webmasters.htm#07)" "-" - - - 0.002
113.77.139.245 - - [30/Jan/2019:00:00:24 +0800] "GET /static/page/index/index.js?v=201901251938 HTTP/1.1" 200 3128 "www.imooc.com" "https://www.imooc.com/" - "Mozilla/5.0 (Windows NT 10.0; Win64; x64) AppleWebKit/537.36 (KHTML, like Gecko) Chrome/73.0.3642.0 Safari/537.36" "-" 10.100.16.242:80 200 0.001 0.001
113.77.139.245 - - [30/Jan/2019:00:00:24 +0800] "GET /u/card%20?jsonpcallback=jQuery19108462167102206926_1548777606700&_=1548777606701 HTTP/1.1" 200 382 "www.imooc.com" "https://www.imooc.com/" - "Mozilla/5.0 (Windows NT 10.0; Win64; x64) AppleWebKit/537.36 (KHTML, like Gecko) Chrome/73.0.3642.0 Safari/537.36" "-" 10.100.16.243:80 200 0.059 0.059
110.85.18.234 - - [30/Jan/2019:00:00:24 +0800] "GET /u/card%20?jsonpcallback=jQuery19103145773790912654_1548777625020&_=1548777625021 HTTP/1.1" 200 382 "www.imooc.com" "https://www.imooc.com/course/list?c=op" - "Mozilla/5.0 (Windows NT 10.0; WOW64) AppleWebKit/537.36 (KHTML, like Gecko) Chrome/58.0.3029.110 Safari/537.36 SE 2.X MetaSr 1.0" "-" 10.100.136.64:80 200 0.092 0.092
113.77.139.245 - - [30/Jan/2019:00:00:24 +0800] "GET /static/page/index/newcomer.js?v=201901251938 HTTP/1.1" 200 1327 "www.imooc.com" "https://www.imooc.com/" - "Mozilla/5.0 (Windows NT 10.0; Win64; x64) AppleWebKit/537.36 (KHTML, like Gecko) Chrome/73.0.3642.0 Safari/537.36" "-" 10.100.136.64:80 200 0.001 0.001
113.77.139.245 - - [30/Jan/2019:00:00:24 +0800] "GET /static/lib/stackblur/stackblur.js?v=201901251938 HTTP/1.1" 200 3913 "www.imooc.com" "https://www.imooc.com/" - "Mozilla/5.0 (Windows NT 10.0; Win64; x64) AppleWebKit/537.36 (KHTML, like Gecko) Chrome/73.0.3642.0 Safari/537.36" "-" 10.100.16.241:80 200 0.002 0.002
106.38.241.130 - - [30/Jan/2019:00:00:24 +0800] "GET /u/3507806/articles HTTP/1.1" 200 6486 "www.imooc.com" "-" - "Sogou web spider/4.0(+http://www.sogou.com/docs/help/webmasters.htm#07)" "-" 10.100.137.42:80 200 0.117 0.117
110.85.18.234 - - [30/Jan/2019:00:00:24 +0800] "GET /activity/newcomer HTTP/1.1" 200 444 "www.imooc.com" "https://www.imooc.com/course/list?c=op" - "Mozilla/5.0 (Windows NT 10.0; WOW64) AppleWebKit/537.36 (KHTML, like Gecko) Chrome/58.0.3029.110 Safari/537.36 SE 2.X MetaSr 1.0" "-" 10.100.16.241:80 200 0.106 0.106
113.77.139.245 - - [30/Jan/2019:00:00:24 +0800] "GET /static/page/index/mouse-move-angle.js?v=201901251938 HTTP/1.1" 200 673 "www.imooc.com" "https://www.imooc.com/" - "Mozilla/5.0 (Windows NT 10.0; Win64; x64) AppleWebKit/537.36 (KHTML, like Gecko) Chrome/73.0.3642.0 Safari/537.36" "-" 10.100.16.243:80 200 0.001 0.001
113.77.139.245 - - [30/Jan/2019:00:00:24 +0800] "GET /static/lib/swiper/swiper-3.4.2.jquery.min.js?v=201901251938 HTTP/1.1" 200 25038 "www.imooc.com" "https://www.imooc.com/" - "Mozilla/5.0 (Windows NT 10.0; Win64; x64) AppleWebKit/537.36 (KHTML, like Gecko) Chrome/73.0.3642.0 Safari/537.36" "-" 10.100.134.244:80 200 0.006 0.006
113.77.139.245 - - [30/Jan/2019:00:00:24 +0800] "GET /static/lib/jquery-mousewheel-3.1.13/jquery.mousewheel.js?v=201901251938 HTTP/1.1" 200 2783 "www.imooc.com" "https://www.imooc.com/" - "Mozilla/5.0 (Windows NT 10.0; Win64; x64) AppleWebKit/537.36 (KHTML, like Gecko) Chrome/73.0.3642.0 Safari/537.36" "-" 10.100.16.242:80 200 0.001 0.001
113.77.139.245 - - [30/Jan/2019:00:00:24 +0800] "GET /index/getstarlist HTTP/1.1" 200 2910 "www.imooc.com" "https://www.imooc.com/" - "Mozilla/5.0 (Windows NT 10.0; Win64; x64) AppleWebKit/537.36 (KHTML, like Gecko) Chrome/73.0.3642.0 Safari/537.36" "-" 10.100.16.243:80 200 0.008 0.008
219.136.204.73 - - [30/Jan/2019:00:00:24 +0800] "GET / HTTP/1.1" 200 55345 "www.imooc.com" "https://www.imooc.com/" - "Mozilla/5.0 (Windows NT 10.0; WOW64) AppleWebKit/537.36 (KHTML, like Gecko) Chrome/69.0.3497.81 Safari/537.36" "-" 10.100.137.42:80 200 0.002 0.002
113.77.139.245 - - [30/Jan/2019:00:00:24 +0800] "GET /activity/newcomer HTTP/1.1" 200 444 "www.imooc.com" "https://www.imooc.com/" - "Mozilla/5.0 (Windows NT 10.0; Win64; x64) AppleWebKit/537.36 (KHTML, like Gecko) Chrome/73.0.3642.0 Safari/537.36" "-" 10.100.16.241:80 200 0.052 0.052
110.85.18.234 - - [30/Jan/2019:00:00:24 +0800] "GET /u/loading HTTP/1.1" 200 64 "www.imooc.com" "https://www.imooc.com/course/list?c=op" - "Mozilla/5.0 (Windows NT 10.0; WOW64) AppleWebKit/537.36 (KHTML, like Gecko) Chrome/58.0.3029.110 Safari/537.36 SE 2.X MetaSr 1.0" "-" 10.100.16.242:80 200 0.014 0.014
113.77.139.245 - - [30/Jan/2019:00:00:24 +0800] "GET /static/img/index/tuhao.png HTTP/1.1" 200 7398 "www.imooc.com" "https://www.imooc.com/" - "Mozilla/5.0 (Windows NT 10.0; Win64; x64) AppleWebKit/537.36 (KHTML, like Gecko) Chrome/73.0.3642.0 Safari/537.36" "-" 10.100.16.241:80 200 0.001 0.001
36.110.59.42 - - [30/Jan/2019:00:00:24 +0800] "GET /static/wap/static/common/js/flexible.js HTTP/1.1" 304 0 "m.imooc.com" "https://m.imooc.com/act/daping" - "Mozilla/5.0 (Windows NT 6.1; Win64; x64; rv:64.0) Gecko/20100101 Firefox/64.0" "-" 10.100.136.64:80 304 0.008 0.008
113.77.139.245 - - [30/Jan/2019:00:00:24 +0800] "GET /static/img/index/champion.png HTTP/1.1" 200 3994 "www.imooc.com" "https://www.imooc.com/" - "Mozilla/5.0 (Windows NT 10.0; Win64; x64) AppleWebKit/537.36 (KHTML, like Gecko) Chrome/73.0.3642.0 Safari/537.36" "-" 10.100.16.243:80 200 0.001 0.001
36.110.59.42 - - [30/Jan/2019:00:00:24 +0800] "GET /static/wap/static/common/css/common_0fdbacd.css HTTP/1.1" 200 5888 "m.imooc.com" "https://m.imooc.com/act/daping" - "Mozilla/5.0 (Windows NT 6.1; Win64; x64; rv:64.0) Gecko/20100101 Firefox/64.0" "-" 10.100.136.64:80 200 0.024 0.024
36.110.59.42 - - [30/Jan/2019:00:00:24 +0800] "GET /static/wap/static/js/course/advertisementReport_bd7c5bf.js HTTP/1.1" 304 0 "m.imooc.com" "https://m.imooc.com/act/daping" - "Mozilla/5.0 (Windows NT 6.1; Win64; x64; rv:64.0) Gecko/20100101 Firefox/64.0" "-" 10.100.134.244:80 304 0.005 0.005
113.77.139.245 - - [30/Jan/2019:00:00:24 +0800] "GET /u/loading HTTP/1.1" 200 64 "www.imooc.com" "https://www.imooc.com/" - "Mozilla/5.0 (Windows NT 10.0; Win64; x64) AppleWebKit/537.36 (KHTML, like Gecko) Chrome/73.0.3642.0 Safari/537.36" "-" 10.100.136.64:80 200 0.018 0.018
36.110.59.42 - - [30/Jan/2019:00:00:24 +0800] "GET /static/wap/static/common/js/jquery-2.1.0.min_ac9f840.js HTTP/1.1" 304 0 "m.imooc.com" "https://m.imooc.com/act/daping" - "Mozilla/5.0 (Windows NT 6.1; Win64; x64; rv:64.0) Gecko/20100101 Firefox/64.0" "-" 10.100.136.64:80 304 0.004 0.004
36.110.59.42 - - [30/Jan/2019:00:00:24 +0800] "GET /static/wap/static/common/js/common_62b1384.js HTTP/1.1" 304 0 "m.imooc.com" "https://m.imooc.com/act/daping" - "Mozilla/5.0 (Windows NT 6.1; Win64; x64; rv:64.0) Gecko/20100101 Firefox/64.0" "-" 10.100.136.64:80 304 0.005 0.005
36.110.59.42 - - [30/Jan/2019:00:00:24 +0800] "GET /static/wap/static/js/act/daping_435e79d.js HTTP/1.1" 304 0 "m.imooc.com" "https://m.imooc.com/act/daping" - "Mozilla/5.0 (Windows NT 6.1; Win64; x64; rv:64.0) Gecko/20100101 Firefox/64.0" "-" 10.100.136.64:80 304 0.005 0.005
113.77.139.245 - - [30/Jan/2019:00:00:24 +0800] "GET /lecturer/ajaxrecteacher HTTP/1.1" 200 3207 "www.imooc.com" "https://www.imooc.com/" - "Mozilla/5.0 (Windows NT 10.0; Win64; x64) AppleWebKit/537.36 (KHTML, like Gecko) Chrome/73.0.3642.0 Safari/537.36" "-" 10.100.16.241:80 200 0.039 0.039
36.110.59.42 - - [30/Jan/2019:00:00:24 +0800] "GET /static/wap/static/css/act/daping_f0d157a.css HTTP/1.1" 200 1713 "m.imooc.com" "https://m.imooc.com/act/daping" - "Mozilla/5.0 (Windows NT 6.1; Win64; x64; rv:64.0) Gecko/20100101 Firefox/64.0" "-" 10.100.134.244:80 200 0.007 0.007
203.208.60.119 - - [30/Jan/2019:00:00:24 +0800] "GET /wenda/detail/291143 HTTP/1.1" 200 8507 "www.imooc.com" "-" - "Mozilla/5.0 (compatible; Googlebot/2.1; +http://www.google.com/bot.html)" "-" 10.100.137.42:80 200 0.268 0.268
59.109.156.141 - - [30/Jan/2019:00:00:25 +0800] "GET /u/loading HTTP/1.1" 200 64 "www.imooc.com" "https://www.imooc.com/course/list" - "Mozilla/5.0 (Windows NT 6.1; WOW64) AppleWebKit/537.36 (KHTML, like Gecko) Chrome/65.0.3325.181 Safari/537.36" "-" 10.100.16.243:80 200 0.018 0.018
1.202.65.40 - - [30/Jan/2019:00:00:25 +0800] "GET /static/img/common/appload.png HTTP/1.1" 200 13417 "www.imooc.com" "https://www.imooc.com/qadetail/269497" - "Mozilla/5.0 (X11; Linux x86_64) AppleWebKit/537.36 (KHTML, like Gecko) Chrome/71.0.3578.98 Safari/537.36" "-" 10.100.137.42:80 200 0.001 0.001
1.202.65.40 - - [30/Jan/2019:00:00:25 +0800] "GET /static/lib/swiper/swiper-3.4.2.min.css?t=201901251938 HTTP/1.1" 200 3288 "www.imooc.com" "https://www.imooc.com/qadetail/269497" - "Mozilla/5.0 (X11; Linux x86_64) AppleWebKit/537.36 (KHTML, like Gecko) Chrome/71.0.3578.98 Safari/537.36" "-" 10.100.137.42:80 200 0.001 0.001
203.208.60.41 - - [30/Jan/2019:00:00:25 +0800] "GET /qadetail/300889 HTTP/1.1" 200 9863 "www.imooc.com" "-" - "Mozilla/5.0 (compatible; Googlebot/2.1; +http://www.google.com/bot.html)" "-" 10.100.137.42:80 200 0.279 0.279
1.202.65.40 - - [30/Jan/2019:00:00:25 +0800] "GET /static/lib/layer/1.6.0/skin/layer.css HTTP/1.1" 200 1593 "www.imooc.com" "https://www.imooc.com/qadetail/269497" - "Mozilla/5.0 (X11; Linux x86_64) AppleWebKit/537.36 (KHTML, like Gecko) Chrome/71.0.3578.98 Safari/537.36" "-" 10.100.137.42:80 200 0.001 0.001
223.72.78.204 - - [30/Jan/2019:00:00:25 +0800] "GET /static/lib/swiper/swiper-3.4.2.min.css?t=201901251938 HTTP/1.1" 200 3288 "www.imooc.com" "https://www.imooc.com/article/13777" - "Mozilla/5.0 (Windows NT 10.0; WOW64) AppleWebKit/537.36 (KHTML, like Gecko) Chrome/67.0.3396.99 Safari/537.36" "-" 10.100.137.42:80 200 0.001 0.001
1.202.65.40 - - [30/Jan/2019:00:00:25 +0800] "GET /static/lib/zhugeio/init.js HTTP/1.1" 200 1047 "www.imooc.com" "https://www.imooc.com/qadetail/269497" - "Mozilla/5.0 (X11; Linux x86_64) AppleWebKit/537.36 (KHTML, like Gecko) Chrome/71.0.3578.98 Safari/537.36" "-" 10.100.137.42:80 200 0.001 0.001
223.72.78.204 - - [30/Jan/2019:00:00:25 +0800] "GET /static/img/common/appload.png HTTP/1.1" 200 13417 "www.imooc.com" "https://www.imooc.com/article/13777" - "Mozilla/5.0 (Windows NT 10.0; WOW64) AppleWebKit/537.36 (KHTML, like Gecko) Chrome/67.0.3396.99 Safari/537.36" "-" 10.100.137.42:80 200 0.002 0.002
223.72.78.204 - - [30/Jan/2019:00:00:25 +0800] "GET /static/img/article/article-logo.png HTTP/1.1" 200 8232 "www.imooc.com" "https://www.imooc.com/article/13777" - "Mozilla/5.0 (Windows NT 10.0; WOW64) AppleWebKit/537.36 (KHTML, like Gecko) Chrome/67.0.3396.99 Safari/537.36" "-" 10.100.137.42:80 200 0.002 0.002
110.85.18.234 - - [30/Jan/2019:00:00:25 +0800] "GET /course/list?c=op&sort=pop HTTP/1.1" 200 12677 "www.imooc.com" "https://www.imooc.com/course/list?c=op" - "Mozilla/5.0 (Windows NT 10.0; WOW64) AppleWebKit/537.36 (KHTML, like Gecko) Chrome/58.0.3029.110 Safari/537.36 SE 2.X MetaSr 1.0" "-" 10.100.136.64:80 200 0.124 0.124
36.110.59.42 - - [30/Jan/2019:00:00:25 +0800] "GET /static/wap/static/img/act/imooc_logo.svg HTTP/1.1" 200 1431 "m.imooc.com" "https://m.imooc.com/act/daping" - "Mozilla/5.0 (Windows NT 6.1; Win64; x64; rv:64.0) Gecko/20100101 Firefox/64.0" "-" 10.100.136.64:80 200 0.005 0.005
36.110.59.42 - - [30/Jan/2019:00:00:25 +0800] "GET /static/wap/static/img/act/laptop_mac.svg HTTP/1.1" 200 540 "m.imooc.com" "https://m.imooc.com/act/daping" - "Mozilla/5.0 (Windows NT 6.1; Win64; x64; rv:64.0) Gecko/20100101 Firefox/64.0" "-" 10.100.136.64:80 200 0.005 0.005
36.110.59.42 - - [30/Jan/2019:00:00:25 +0800] "GET /static/wap/static/img/act/phone_iphone.svg HTTP/1.1" 200 454 "m.imooc.com" "https://m.imooc.com/act/daping" - "Mozilla/5.0 (Windows NT 6.1; Win64; x64; rv:64.0) Gecko/20100101 Firefox/64.0" "-" 10.100.136.64:80 200 0.002 0.002
1.202.65.40 - - [30/Jan/2019:00:00:25 +0800] "GET /static/lib/ueditor1.4.3.1/ueditor.final.min.js HTTP/1.1" 200 121577 "www.imooc.com" "https://www.imooc.com/qadetail/269497" - "Mozilla/5.0 (X11; Linux x86_64) AppleWebKit/537.36 (KHTML, like Gecko) Chrome/71.0.3578.98 Safari/537.36" "-" 10.100.137.42:80 200 0.004 0.183
110.85.18.234 - - [30/Jan/2019:00:00:25 +0800] "GET /u/card%20?jsonpcallback=jQuery191002814418902536131_1548777626471&_=1548777626472 HTTP/1.1" 200 383 "www.imooc.com" "https://www.imooc.com/course/list?c=op&sort=pop" - "Mozilla/5.0 (Windows NT 10.0; WOW64) AppleWebKit/537.36 (KHTML, like Gecko) Chrome/58.0.3029.110 Safari/537.36 SE 2.X MetaSr 1.0" "-" 10.100.16.241:80 200 0.059 0.059
110.85.18.234 - - [30/Jan/2019:00:00:25 +0800] "GET /u/loading HTTP/1.1" 200 64 "www.imooc.com" "https://www.imooc.com/course/list?c=op&sort=pop" - "Mozilla/5.0 (Windows NT 10.0; WOW64) AppleWebKit/537.36 (KHTML, like Gecko) Chrome/58.0.3029.110 Safari/537.36 SE 2.X MetaSr 1.0" "-" 10.100.134.244:80 200 0.018 0.018
110.85.18.234 - - [30/Jan/2019:00:00:25 +0800] "GET /activity/newcomer HTTP/1.1" 200 444 "www.imooc.com" "https://www.imooc.com/course/list?c=op&sort=pop" - "Mozilla/5.0 (Windows NT 10.0; WOW64) AppleWebKit/537.36 (KHTML, like Gecko) Chrome/58.0.3029.110 Safari/537.36 SE 2.X MetaSr 1.0" "-" 10.100.16.242:80 200 0.111 0.111
123.119.42.67 - - [30/Jan/2019:00:00:25 +0800] "GET /video/17970 HTTP/1.1" 200 11332 "www.imooc.com" "https://www.imooc.com/video/17969" - "Mozilla/5.0 (Windows NT 10.0; Win64; x64) AppleWebKit/537.36 (KHTML, like Gecko) Chrome/71.0.3578.98 Safari/537.36" "-" 10.100.16.242:80 200 0.236 0.236
203.208.60.111 - - [30/Jan/2019:00:00:25 +0800] "GET /course/qa/id/366/t/1?page=4 HTTP/1.1" 200 12890 "www.imooc.com" "-" - "Mozilla/5.0 (compatible; Googlebot/2.1; +http://www.google.com/bot.html)" "-" 10.100.137.42:80 200 0.348 0.348
1.202.65.40 - - [30/Jan/2019:00:00:25 +0800] "GET /static/sea_config.js?v=201901251938 HTTP/1.1" 200 569 "www.imooc.com" "https://www.imooc.com/qadetail/269497" - "Mozilla/5.0 (X11; Linux x86_64) AppleWebKit/537.36 (KHTML, like Gecko) Chrome/71.0.3578.98 Safari/537.36" "-" 10.100.137.42:80 200 0.001 0.001
1.202.65.40 - - [30/Jan/2019:00:00:25 +0800] "GET /static/page/common/dist-zhuge.js HTTP/1.1" 200 498 "www.imooc.com" "https://www.imooc.com/qadetail/269497" - "Mozilla/5.0 (X11; Linux x86_64) AppleWebKit/537.36 (KHTML, like Gecko) Chrome/71.0.3578.98 Safari/537.36" "-" 10.100.137.42:80 200 0.001 0.001
1.202.65.40 - - [30/Jan/2019:00:00:25 +0800] "GET /static/sea-modules/seajs/seajs/2.1.1/sea.js HTTP/1.1" 200 3136 "www.imooc.com" "https://www.imooc.com/qadetail/269497" - "Mozilla/5.0 (X11; Linux x86_64) AppleWebKit/537.36 (KHTML, like Gecko) Chrome/71.0.3578.98 Safari/537.36" "-" 10.100.137.42:80 200 0.002 0.002
123.119.42.67 - - [30/Jan/2019:00:00:25 +0800] "GET /u/card%20?jsonpcallback=jQuery19109484350262202668_1548777624979&_=1548777624980 HTTP/1.1" 200 348 "www.imooc.com" "https://www.imooc.com/video/17970" - "Mozilla/5.0 (Windows NT 10.0; Win64; x64) AppleWebKit/537.36 (KHTML, like Gecko) Chrome/71.0.3578.98 Safari/537.36" "-" 10.100.16.241:80 200 0.062 0.062
123.119.42.67 - - [30/Jan/2019:00:00:25 +0800] "GET /article/ajaxcourserecommends?id=1052 HTTP/1.1" 200 2497 "www.imooc.com" "https://www.imooc.com/video/17970" - "Mozilla/5.0 (Windows NT 10.0; Win64; x64) AppleWebKit/537.36 (KHTML, like Gecko) Chrome/71.0.3578.98 Safari/537.36" "-" 10.100.16.242:80 200 0.038 0.038
207.46.13.10 - - [30/Jan/2019:00:00:25 +0800] "GET /learn/397 HTTP/1.1" 200 8658 "www.imooc.com" "-" - "Mozilla/5.0 (compatible; bingbot/2.0; +http://www.bing.com/bingbot.htm)" "-" 10.100.137.42:80 200 0.208 0.208
123.119.42.67 - - [30/Jan/2019:00:00:25 +0800] "GET /course/ajaxcourserelate?cid=1052 HTTP/1.1" 200 1821 "www.imooc.com" "https://www.imooc.com/video/17970" - "Mozilla/5.0 (Windows NT 10.0; Win64; x64) AppleWebKit/537.36 (KHTML, like Gecko) Chrome/71.0.3578.98 Safari/537.36" "-" 10.100.134.244:80 200 0.039 0.039
118.114.13.19 - - [30/Jan/2019:00:00:26 +0800] "GET /favicon.ico HTTP/1.1" 200 12118 "www.imooc.com" "-" - "Mozilla/5.0 (Windows NT 6.1; WOW64) AppleWebKit/537.36 (KHTML, like Gecko) Chrome/63.0.3239.132 Safari/537.36" "-" 10.100.137.42:80 200 0.002 0.002
223.72.78.204 - - [30/Jan/2019:00:00:26 +0800] "GET /static/component/base/util/cookie.js?v=201901251938 HTTP/1.1" 200 775 "www.imooc.com" "https://www.imooc.com/article/13777" - "Mozilla/5.0 (Windows NT 10.0; WOW64) AppleWebKit/537.36 (KHTML, like Gecko) Chrome/67.0.3396.99 Safari/537.36" "-" 10.100.137.42:80 200 0.001 0.001
223.72.78.204 - - [30/Jan/2019:00:00:26 +0800] "GET /static/component/base/util/string.js?v=201901251938 HTTP/1.1" 200 652 "www.imooc.com" "https://www.imooc.com/article/13777" - "Mozilla/5.0 (Windows NT 10.0; WOW64) AppleWebKit/537.36 (KHTML, like Gecko) Chrome/67.0.3396.99 Safari/537.36" "-" 10.100.137.42:80 200 0.001 0.001
223.72.78.204 - - [30/Jan/2019:00:00:26 +0800] "GET /static/lib/pretty/prettify.css?v=201901251938 HTTP/1.1" 200 625 "www.imooc.com" "https://www.imooc.com/article/13777" - "Mozilla/5.0 (Windows NT 10.0; WOW64) AppleWebKit/537.36 (KHTML, like Gecko) Chrome/67.0.3396.99 Safari/537.36" "-" 10.100.137.42:80 200 0.001 0.001
223.72.78.204 - - [30/Jan/2019:00:00:26 +0800] "GET /static/lib/layer/1.6.0/skin/layer.css?v=201901251938 HTTP/1.1" 200 1593 "www.imooc.com" "https://www.imooc.com/article/13777" - "Mozilla/5.0 (Windows NT 10.0; WOW64) AppleWebKit/537.36 (KHTML, like Gecko) Chrome/67.0.3396.99 Safari/537.36" "-" 10.100.137.42:80 200 0.002 0.002
223.72.78.204 - - [30/Jan/2019:00:00:26 +0800] "GET /static/lib/ueditor/themes/imooc/css/ueditor.css?v=201901251938 HTTP/1.1" 200 8487 "www.imooc.com" "https://www.imooc.com/article/13777" - "Mozilla/5.0 (Windows NT 10.0; WOW64) AppleWebKit/537.36 (KHTML, like Gecko) Chrome/67.0.3396.99 Safari/537.36" "-" 10.100.137.42:80 200 0.001 0.001
223.72.78.204 - - [30/Jan/2019:00:00:26 +0800] "GET /static/page/article/addCopy.js?v=201901251938 HTTP/1.1" 200 764 "www.imooc.com" "https://www.imooc.com/article/13777" - "Mozilla/5.0 (Windows NT 10.0; WOW64) AppleWebKit/537.36 (KHTML, like Gecko) Chrome/67.0.3396.99 Safari/537.36" "-" 10.100.137.42:80 200 0.001 0.001
223.72.78.204 - - [30/Jan/2019:00:00:26 +0800] "GET /static/page/article/discoverycount.js?v=201901251938 HTTP/1.1" 200 596 "www.imooc.com" "https://www.imooc.com/article/13777" - "Mozilla/5.0 (Windows NT 10.0; WOW64) AppleWebKit/537.36 (KHTML, like Gecko) Chrome/67.0.3396.99 Safari/537.36" "-" 10.100.137.42:80 200 0.001 0.001
219.136.204.73 - - [30/Jan/2019:00:00:26 +0800] "GET /static/img/newcomer.png HTTP/1.1" 200 88636 "www.imooc.com" "https://www.imooc.com/" - "Mozilla/5.0 (Windows NT 10.0; WOW64) AppleWebKit/537.36 (KHTML, like Gecko) Chrome/69.0.3497.81 Safari/537.36" "-" 10.100.137.42:80 200 0.003 0.003
223.72.78.204 - - [30/Jan/2019:00:00:26 +0800] "GET /static/page/common/verify-code.js?v=201901251938 HTTP/1.1" 200 945 "www.imooc.com" "https://www.imooc.com/article/13777" - "Mozilla/5.0 (Windows NT 10.0; WOW64) AppleWebKit/537.36 (KHTML, like Gecko) Chrome/67.0.3396.99 Safari/537.36" "-" 10.100.137.42:80 200 0.001 0.001
223.72.78.204 - - [30/Jan/2019:00:00:26 +0800] "GET /static/page/common/advertisementReport.js HTTP/1.1" 200 300 "www.imooc.com" "https://www.imooc.com/article/13777" - "Mozilla/5.0 (Windows NT 10.0; WOW64) AppleWebKit/537.36 (KHTML, like Gecko) Chrome/67.0.3396.99 Safari/537.36" "-" 10.100.137.42:80 200 0.002 0.002
223.72.78.204 - - [30/Jan/2019:00:00:26 +0800] "GET /static/page/common/limitinput.js?v=201901251938 HTTP/1.1" 200 560 "www.imooc.com" "https://www.imooc.com/article/13777" - "Mozilla/5.0 (Windows NT 10.0; WOW64) AppleWebKit/537.36 (KHTML, like Gecko) Chrome/67.0.3396.99 Safari/537.36" "-" 10.100.137.42:80 200 0.001 0.001
223.72.78.204 - - [30/Jan/2019:00:00:26 +0800] "GET /static/page/discovery/tpl/publish.js?v=201901251938 HTTP/1.1" 200 891 "www.imooc.com" "https://www.imooc.com/article/13777" - "Mozilla/5.0 (Windows NT 10.0; WOW64) AppleWebKit/537.36 (KHTML, like Gecko) Chrome/67.0.3396.99 Safari/537.36" "-" 10.100.137.42:80 200 0.002 0.002
223.72.78.204 - - [30/Jan/2019:00:00:26 +0800] "GET /static/page/discovery/tpl/forward.js?v=201901251938 HTTP/1.1" 200 986 "www.imooc.com" "https://www.imooc.com/article/13777" - "Mozilla/5.0 (Windows NT 10.0; WOW64) AppleWebKit/537.36 (KHTML, like Gecko) Chrome/67.0.3396.99 Safari/537.36" "-" 10.100.137.42:80 200 0.001 0.001
223.72.78.204 - - [30/Jan/2019:00:00:26 +0800] "GET /static/page/discovery/tpl/detail_forward.js?v=201901251938 HTTP/1.1" 200 689 "www.imooc.com" "https://www.imooc.com/article/13777" - "Mozilla/5.0 (Windows NT 10.0; WOW64) AppleWebKit/537.36 (KHTML, like Gecko) Chrome/67.0.3396.99 Safari/537.36" "-" 10.100.137.42:80 200 0.001 0.001
1.202.65.40 - - [30/Jan/2019:00:00:26 +0800] "GET /static/sea-modules/seajs/seajs-text/1.0.3/seajs-text.js?v=201901251938 HTTP/1.1" 200 992 "www.imooc.com" "https://www.imooc.com/qadetail/269497" - "Mozilla/5.0 (X11; Linux x86_64) AppleWebKit/537.36 (KHTML, like Gecko) Chrome/71.0.3578.98 Safari/537.36" "-" 10.100.137.42:80 200 0.001 0.001
1.202.65.40 - - [30/Jan/2019:00:00:26 +0800] "GET /static/component/logic/common/common.js?v=201901251938 HTTP/1.1" 200 3532 "www.imooc.com" "https://www.imooc.com/qadetail/269497" - "Mozilla/5.0 (X11; Linux x86_64) AppleWebKit/537.36 (KHTML, like Gecko) Chrome/71.0.3578.98 Safari/537.36" "-" 10.100.137.42:80 200 0.002 0.002
117.136.0.232 - - [30/Jan/2019:00:00:26 +0800] "GET /course/codeintro?mid=2050&_wapuid=1039733 HTTP/1.1" 200 1801 "www.imooc.com" "-" - "Mozilla/5.0 (Linux; Android 8.1.0; Nokia X6 Build/OPR1.170623.026; wv) AppleWebKit/537.36 (KHTML, like Gecko) Version/4.0 Chrome/66.0.3359.126 Mobile Safari/537.36mukewang/7.0.2 (Android 8.1.0; Nokia Nokia X6 Build/OPR1.170623.026),Network 2G/3G" "-" 10.100.136.64:80 200 0.234 0.234
203.208.60.121 - - [30/Jan/2019:00:00:26 +0800] "GET /wenda/detail/327228 HTTP/1.1" 200 10305 "www.imooc.com" "-" - "Mozilla/5.0 (compatible; Googlebot/2.1; +http://www.google.com/bot.html)" "-" 10.100.137.42:80 200 0.189 0.189
120.227.69.119 - - [30/Jan/2019:00:00:26 +0800] "GET /course/list?c=be HTTP/1.1" 200 4124 "m.imooc.com" "https://m.imooc.com/course/list" - "Mozilla/5.0 (Linux; Android 8.0.0; SAMSUNG SM-A9100 Build/R16NW) AppleWebKit/537.36 (KHTML, like Gecko) SamsungBrowser/8.2 Chrome/63.0.3239.111 Mobile Safari/537.36" "-" 10.100.134.244:80 200 0.220 0.220
1.202.65.40 - - [30/Jan/2019:00:00:26 +0800] "GET /static/component/logic/common/userinfo.js?v=201901251938 HTTP/1.1" 200 1079 "www.imooc.com" "https://www.imooc.com/qadetail/269497" - "Mozilla/5.0 (X11; Linux x86_64) AppleWebKit/537.36 (KHTML, like Gecko) Chrome/71.0.3578.98 Safari/537.36" "-" 10.100.137.42:80 200 0.002 0.002
123.114.4.5 - - [30/Jan/2019:00:00:26 +0800] "GET /learn/480 HTTP/1.1" 200 9473 "www.imooc.com" "http://www.imooc.com/course/list?c=java&is_easy=2&sort=pop" - "Mozilla/5.0 (Windows NT 10.0; WOW64) AppleWebKit/537.36 (KHTML, like Gecko) Chrome/63.0.3239.132 Safari/537.36" "-" 10.100.16.242:80 200 0.248 0.248
59.63.206.44 - - [30/Jan/2019:00:00:26 +0800] "GET /view/288 HTTP/1.1" 301 0 "www.imooc.com" "https://www.imooc.com/search/course?words=%E7%AE%97%E6%B3%95&page=1" - "Mozilla/5.0 (Windows NT 6.1; Win64; x64) AppleWebKit/537.36 (KHTML, like Gecko) Chrome/69.0.3497.92 Safari/537.36" "-" 10.100.137.42:80 301 0.029 0.029
